Sequence  		tRNA   	Bounds 	tRNA	Anti	Intron Bounds	Inf	      
Name      	tRNA #	Begin  	End    	Type	Codon	Begin	End	Score	Note
--------  	------	-----  	------ 	----	-----	-----	----	------	------
NC_002947 	1	532369 	532452 	Tyr	GTA	0	0	75.8	
NC_002947 	2	532477 	532550 	Gly	TCC	0	0	83.2	
NC_002947 	3	532580 	532655 	Thr	GGT	0	0	79.6	
NC_002947 	4	533982 	534057 	Trp	CCA	0	0	86.5	
NC_002947 	5	584062 	584157 	SeC	TCA	0	0	133.2	
NC_002947 	6	699429 	699505 	Ile	GAT	0	0	83.4	
NC_002947 	7	699530 	699605 	Ala	TGC	0	0	82.6	
NC_002947 	8	733386 	733461 	Asn	GTT	0	0	80.7	
NC_002947 	9	733466 	733542 	Pro	TGG	0	0	75.1	
NC_002947 	10	733549 	733624 	Lys	TTT	0	0	92.8	
NC_002947 	11	733671 	733747 	Pro	TGG	0	0	75.1	
NC_002947 	12	733753 	733828 	Lys	TTT	0	0	92.8	
NC_002947 	13	741323 	741398 	Thr	CGT	0	0	77.6	
NC_002947 	14	1402404	1402479	Lys	TTT	0	0	92.8	
NC_002947 	15	1418342	1418431	Ser	CGA	0	0	79.7	
NC_002947 	16	1898426	1898501	Val	TAC	0	0	82.6	
NC_002947 	17	1898515	1898591	Asp	GTC	0	0	90.7	
NC_002947 	18	1898762	1898837	Val	TAC	0	0	82.6	
NC_002947 	19	1898851	1898927	Asp	GTC	0	0	90.7	
NC_002947 	20	2069061	2069150	Ser	GGA	0	0	77.1	
NC_002947 	21	2102637	2102712	Glu	TTC	0	0	68.9	
NC_002947 	22	2102715	2102790	Gly	GCC	0	0	88.4	
NC_002947 	23	2102883	2102958	Glu	TTC	0	0	68.9	
NC_002947 	24	2102962	2103037	Gly	GCC	0	0	88.4	
NC_002947 	25	2103123	2103198	Gly	GCC	0	0	88.4	
NC_002947 	26	2241531	2241606	Ala	GGC	0	0	76.3	
NC_002947 	27	2241679	2241754	Glu	TTC	0	0	68.9	
NC_002947 	28	2241806	2241881	Ala	GGC	0	0	76.3	
NC_002947 	29	2241924	2241999	Glu	TTC	0	0	68.9	
NC_002947 	30	2242061	2242136	Ala	GGC	0	0	76.3	
NC_002947 	31	2242179	2242254	Glu	TTC	0	0	68.9	
NC_002947 	32	2271396	2271471	Val	TAC	0	0	82.6	
NC_002947 	33	2271537	2271613	Asp	GTC	0	0	90.7	
NC_002947 	34	2271713	2271789	Asp	GTC	0	0	90.7	
NC_002947 	35	2271931	2272007	Asp	GTC	0	0	90.7	
NC_002947 	36	2550294	2550370	Ile	GAT	0	0	83.4	
NC_002947 	37	2550395	2550470	Ala	TGC	0	0	82.6	
NC_002947 	38	2585761	2585837	Arg	TCT	0	0	89.3	
NC_002947 	39	2585879	2585954	His	GTG	0	0	77.6	
NC_002947 	40	2586007	2586091	Leu	TAG	0	0	71.0	
NC_002947 	41	2626119	2626194	His	GTG	0	0	77.6	
NC_002947 	42	2685139	2685213	Gln	TTG	0	0	69.7	
NC_002947 	43	2796488	2796564	Val	GAC	0	0	81.8	
NC_002947 	44	2796737	2796813	Val	GAC	0	0	81.8	
NC_002947 	45	2817001	2817077	Pro	GGG	0	0	67.2	
NC_002947 	46	4361679	4361763	Leu	TAA	0	0	78.0	
NC_002947 	47	5549323	5549409	Leu	CAG	0	0	71.0	
NC_002947 	48	5549498	5549584	Leu	CAG	0	0	71.0	
NC_002947 	49	5361177	5361092	Leu	GAG	0	0	60.3	
NC_002947 	50	5360991	5360915	fMet	CAT	0	0	78.5	
NC_002947 	51	5311070	5310994	Ile	GAT	0	0	83.4	
NC_002947 	52	5310897	5310822	Ala	TGC	0	0	82.6	
NC_002947 	53	5079872	5079782	Ser	GCT	0	0	76.5	
NC_002947 	54	5079675	5079599	Arg	ACG	0	0	84.3	
NC_002947 	55	5079527	5079451	Arg	ACG	0	0	84.3	
NC_002947 	56	5079376	5079300	Arg	ACG	0	0	84.3	
NC_002947 	57	5079226	5079150	Arg	ACG	0	0	84.3	
NC_002947 	58	5075828	5075738	Arg	CCT	0	0	28.7	pseudo
NC_002947 	59	5075625	5075554	Arg	CCT	0	0	57.1	
NC_002947 	60	4632625	4632550	Gly	GCC	0	0	88.4	
NC_002947 	61	4501402	4501315	Ser	TGA	0	0	79.3	
NC_002947 	62	4427589	4427516	Cys	GCA	0	0	58.5	
NC_002947 	63	4371700	4371625	Cys	GCA	0	0	21.4	pseudo
NC_002947 	64	2420697	2420621	Pro	CGG	0	0	74.4	
NC_002947 	65	2233343	2233268	Asn	GTT	0	0	80.7	
NC_002947 	66	1606530	1606457	Gly	CCC	0	0	78.2	
NC_002947 	67	1381032	1380956	fMet	CAT	0	0	75.8	
NC_002947 	68	1380821	1380745	fMet	CAT	0	0	75.8	
NC_002947 	69	1380610	1380534	fMet	CAT	0	0	75.8	
NC_002947 	70	968980 	968896 	Leu	CAA	0	0	70.8	
NC_002947 	71	839818 	839744 	Gln	TTG	0	0	69.7	
NC_002947 	72	813298 	813222 	Met	CAT	0	0	77.5	
NC_002947 	73	467195 	467119 	Ile2	CAT	0	0	84.5	
NC_002947 	74	344173 	344098 	Phe	GAA	0	0	80.2	
NC_002947 	75	335046 	334971 	Thr	TGT	0	0	85.7	
NC_002947 	76	255354 	255278 	Arg	CCG	0	0	84.9	
